

================================================================
== Vivado HLS Report for 'k2c_softmax_func'
================================================================
* Date:           Mon Apr  8 23:08:05 2024

* Version:        2018.2 (Build 2258646 on Thu Jun 14 20:25:20 MDT 2018)
* Project:        vlsiProject
* Solution:       solution1
* Product family: zynq
* Target device:  xc7z020clg484-1


================================================================
== Performance Estimates
================================================================
+ Timing (ns): 
    * Summary: 
    +--------+-------+----------+------------+
    |  Clock | Target| Estimated| Uncertainty|
    +--------+-------+----------+------------+
    |ap_clk  |  10.00|     8.465|        1.25|
    +--------+-------+----------+------------+

+ Latency (clock cycles): 
    * Summary: 
    +-----+-----+-----+-----+---------+
    |  Latency  |  Interval | Pipeline|
    | min | max | min | max |   Type  |
    +-----+-----+-----+-----+---------+
    |  190|  190|  190|  190|   none  |
    +-----+-----+-----+-----+---------+

    + Detail: 
        * Instance: 
        N/A

        * Loop: 
        +----------+-----+-----+----------+-----------+-----------+------+----------+
        |          |  Latency  | Iteration|  Initiation Interval  | Trip |          |
        | Loop Name| min | max |  Latency |  achieved |   target  | Count| Pipelined|
        +----------+-----+-----+----------+-----------+-----------+------+----------+
        |- Loop 1  |   15|   15|         3|          -|          -|     5|    no    |
        |- Loop 2  |   85|   85|        17|          -|          -|     5|    no    |
        |- Loop 3  |   35|   35|         7|          -|          -|     5|    no    |
        |- Loop 4  |   35|   35|         7|          -|          -|     5|    no    |
        +----------+-----+-----+----------+-----------+-----------+------+----------+



================================================================
== Utilization Estimates
================================================================
* Summary: 
+-----------------+---------+-------+--------+-------+
|       Name      | BRAM_18K| DSP48E|   FF   |  LUT  |
+-----------------+---------+-------+--------+-------+
|DSP              |        -|      -|       -|      -|
|Expression       |        -|      -|       0|    182|
|FIFO             |        -|      -|       -|      -|
|Instance         |        -|     12|    1452|   2868|
|Memory           |        -|      -|       -|      -|
|Multiplexer      |        -|      -|       -|    380|
|Register         |        -|      -|     337|      -|
+-----------------+---------+-------+--------+-------+
|Total            |        0|     12|    1789|   3430|
+-----------------+---------+-------+--------+-------+
|Available        |      280|    220|  106400|  53200|
+-----------------+---------+-------+--------+-------+
|Utilization (%)  |        0|      5|       1|      6|
+-----------------+---------+-------+--------+-------+

+ Detail: 
    * Instance: 
    +--------------------------+----------------------+---------+-------+-----+-----+
    |         Instance         |        Module        | BRAM_18K| DSP48E|  FF | LUT |
    +--------------------------+----------------------+---------+-------+-----+-----+
    |check_best_model_dEe_U55  |check_best_model_dEe  |        0|      3|  143|  321|
    |check_best_model_lbW_U57  |check_best_model_lbW  |        0|      0|   66|  239|
    |check_best_model_mb6_U54  |check_best_model_mb6  |        0|      2|  205|  390|
    |check_best_model_ncg_U56  |check_best_model_ncg  |        0|      0|  761|  994|
    |check_best_model_ocq_U58  |check_best_model_ocq  |        0|      7|  277|  924|
    +--------------------------+----------------------+---------+-------+-----+-----+
    |Total                     |                      |        0|     12| 1452| 2868|
    +--------------------------+----------------------+---------+-------+-----+-----+

    * DSP48: 
    N/A

    * Memory: 
    N/A

    * FIFO: 
    N/A

    * Expression: 
    +---------------------+----------+-------+---+----+------------+------------+
    |    Variable Name    | Operation| DSP48E| FF| LUT| Bitwidth P0| Bitwidth P1|
    +---------------------+----------+-------+---+----+------------+------------+
    |i_4_fu_193_p2        |     +    |      0|  0|  12|           3|           1|
    |i_5_fu_300_p2        |     +    |      0|  0|  12|           3|           1|
    |i_6_fu_317_p2        |     +    |      0|  0|  12|           3|           1|
    |i_7_fu_334_p2        |     +    |      0|  0|  12|           3|           1|
    |tmp_1_fu_276_p2      |    and   |      0|  0|   2|           1|           1|
    |tmp_8_fu_270_p2      |    and   |      0|  0|   2|           1|           1|
    |exitcond1_fu_311_p2  |   icmp   |      0|  0|   9|           3|           3|
    |exitcond2_fu_294_p2  |   icmp   |      0|  0|   9|           3|           3|
    |exitcond3_fu_187_p2  |   icmp   |      0|  0|   9|           3|           3|
    |exitcond_fu_328_p2   |   icmp   |      0|  0|   9|           3|           3|
    |notlhs5_fu_252_p2    |   icmp   |      0|  0|  11|           8|           2|
    |notlhs_fu_234_p2     |   icmp   |      0|  0|  11|           8|           2|
    |notrhs6_fu_258_p2    |   icmp   |      0|  0|  18|          23|           1|
    |notrhs_fu_240_p2     |   icmp   |      0|  0|  18|          23|           1|
    |tmp_4_fu_246_p2      |    or    |      0|  0|   2|           1|           1|
    |tmp_7_fu_264_p2      |    or    |      0|  0|   2|           1|           1|
    |xmax_1_fu_282_p3     |  select  |      0|  0|  32|           1|          32|
    +---------------------+----------+-------+---+----+------------+------------+
    |Total                |          |      0|  0| 182|          91|          58|
    +---------------------+----------+-------+---+----+------------+------------+

    * Multiplexer: 
    +-------------------+-----+-----------+-----+-----------+
    |        Name       | LUT | Input Size| Bits| Total Bits|
    +-------------------+-----+-----------+-----+-----------+
    |ap_NS_fsm          |  225|         52|    1|         52|
    |grp_fu_142_opcode  |   15|          3|    2|          6|
    |grp_fu_142_p0      |   15|          3|   32|         96|
    |grp_fu_142_p1      |   15|          3|   32|         96|
    |i_1_reg_97         |    9|          2|    3|          6|
    |i_2_reg_108        |    9|          2|    3|          6|
    |i_3_reg_131        |    9|          2|    3|          6|
    |i_reg_76           |    9|          2|    3|          6|
    |sum_reg_119        |    9|          2|   32|         64|
    |x_address0         |   41|          8|   12|         96|
    |x_d0               |   15|          3|   32|         96|
    |xmax1_reg_87       |    9|          2|   32|         64|
    +-------------------+-----+-----------+-----+-----------+
    |Total              |  380|         84|  187|        594|
    +-------------------+-----+-----------+-----+-----------+

    * Register: 
    +------------------+----+----+-----+-----------+
    |       Name       | FF | LUT| Bits| Const Bits|
    +------------------+----+----+-----+-----------+
    |ap_CS_fsm         |  51|   0|   51|          0|
    |i_1_reg_97        |   3|   0|    3|          0|
    |i_2_reg_108       |   3|   0|    3|          0|
    |i_3_reg_131       |   3|   0|    3|          0|
    |i_4_reg_348       |   3|   0|    3|          0|
    |i_5_reg_373       |   3|   0|    3|          0|
    |i_6_reg_391       |   3|   0|    3|          0|
    |i_7_reg_409       |   3|   0|    3|          0|
    |i_reg_76          |   3|   0|    3|          0|
    |reg_168           |  32|   0|   32|          0|
    |reg_176           |  32|   0|   32|          0|
    |sum_1_reg_401     |  32|   0|   32|          0|
    |sum_reg_119       |  32|   0|   32|          0|
    |tmp_6_reg_383     |  32|   0|   32|          0|
    |tmp_s_reg_419     |  32|   0|   32|          0|
    |x_addr_2_reg_378  |   3|   0|   12|          9|
    |x_addr_4_reg_414  |   3|   0|   12|          9|
    |xmax1_reg_87      |  32|   0|   32|          0|
    |xmax_2_reg_358    |  32|   0|   32|          0|
    +------------------+----+----+-----+-----------+
    |Total             | 337|   0|  355|         18|
    +------------------+----+----+-----+-----------+



================================================================
== Interface
================================================================
* Summary: 
+------------+-----+-----+------------+------------------+--------------+
|  RTL Ports | Dir | Bits|  Protocol  |   Source Object  |    C Type    |
+------------+-----+-----+------------+------------------+--------------+
|ap_clk      |  in |    1| ap_ctrl_hs | k2c_softmax_func | return value |
|ap_rst      |  in |    1| ap_ctrl_hs | k2c_softmax_func | return value |
|ap_start    |  in |    1| ap_ctrl_hs | k2c_softmax_func | return value |
|ap_done     | out |    1| ap_ctrl_hs | k2c_softmax_func | return value |
|ap_idle     | out |    1| ap_ctrl_hs | k2c_softmax_func | return value |
|ap_ready    | out |    1| ap_ctrl_hs | k2c_softmax_func | return value |
|x_address0  | out |   12|  ap_memory |         x        |     array    |
|x_ce0       | out |    1|  ap_memory |         x        |     array    |
|x_we0       | out |    1|  ap_memory |         x        |     array    |
|x_d0        | out |   32|  ap_memory |         x        |     array    |
|x_q0        |  in |   32|  ap_memory |         x        |     array    |
+------------+-----+-----+------------+------------------+--------------+

