

================================================================
== Vivado HLS Report for 'k2c_affine_matmul'
================================================================
* Date:           Mon Apr  8 23:08:04 2024

* Version:        2018.2 (Build 2258646 on Thu Jun 14 20:25:20 MDT 2018)
* Project:        vlsiProject
* Solution:       solution1
* Product family: zynq
* Target device:  xc7z020clg484-1


================================================================
== Performance Estimates
================================================================
+ Timing (ns): 
    * Summary: 
    +--------+-------+----------+------------+
    |  Clock | Target| Estimated| Uncertainty|
    +--------+-------+----------+------------+
    |ap_clk  |  10.00|     7.256|        1.25|
    +--------+-------+----------+------------+

+ Latency (clock cycles): 
    * Summary: 
    +-----+-----+-----+-----+---------+
    |  Latency  |  Interval | Pipeline|
    | min | max | min | max |   Type  |
    +-----+-----+-----+-----+---------+
    |    ?|    ?|    ?|    ?|   none  |
    +-----+-----+-----+-----+---------+

    + Detail: 
        * Instance: 
        N/A

        * Loop: 
        +-----------------+------+-------+--------------+-----------+-----------+---------+----------+
        |                 |    Latency   |   Iteration  |  Initiation Interval  |   Trip  |          |
        |    Loop Name    |  min |  max  |    Latency   |  achieved |   target  |  Count  | Pipelined|
        +-----------------+------+-------+--------------+-----------+-----------+---------+----------+
        |- Loop 1         |     ?|      ?|    7 ~ 66    |          -|          -|        ?|    no    |
        | + Loop 1.1      |     5|     64|             1|          -|          -|  5 ~ 64 |    no    |
        |- Loop 2         |     ?|      ?| 1007 ~ 49730 |          -|          -|        ?|    no    |
        | + Loop 2.1      |  1005|  49728|   201 ~ 777  |          -|          -|  5 ~ 64 |    no    |
        |  ++ Loop 2.1.1  |   192|    768|            12|          -|          -| 16 ~ 64 |    no    |
        +-----------------+------+-------+--------------+-----------+-----------+---------+----------+



================================================================
== Utilization Estimates
================================================================
* Summary: 
+-----------------+---------+-------+--------+-------+
|       Name      | BRAM_18K| DSP48E|   FF   |  LUT  |
+-----------------+---------+-------+--------+-------+
|DSP              |        -|      3|       -|      -|
|Expression       |        -|      -|       0|    353|
|FIFO             |        -|      -|       -|      -|
|Instance         |        -|      5|     348|    711|
|Memory           |        -|      -|       -|      -|
|Multiplexer      |        -|      -|       -|    216|
|Register         |        -|      -|     620|      -|
+-----------------+---------+-------+--------+-------+
|Total            |        0|      8|     968|   1280|
+-----------------+---------+-------+--------+-------+
|Available        |      280|    220|  106400|  53200|
+-----------------+---------+-------+--------+-------+
|Utilization (%)  |        0|      3|   ~0   |      2|
+-----------------+---------+-------+--------+-------+

+ Detail: 
    * Instance: 
    +--------------------------+----------------------+---------+-------+-----+-----+
    |         Instance         |        Module        | BRAM_18K| DSP48E|  FF | LUT |
    +--------------------------+----------------------+---------+-------+-----+-----+
    |check_best_model_cud_U37  |check_best_model_cud  |        0|      2|  205|  390|
    |check_best_model_dEe_U38  |check_best_model_dEe  |        0|      3|  143|  321|
    +--------------------------+----------------------+---------+-------+-----+-----+
    |Total                     |                      |        0|      5|  348|  711|
    +--------------------------+----------------------+---------+-------+-----+-----+

    * DSP48: 
    +--------------------------+----------------------+-----------+
    |         Instance         |        Module        | Expression|
    +--------------------------+----------------------+-----------+
    |check_best_model_kbM_U39  |check_best_model_kbM  |  i0 * i1  |
    |check_best_model_kbM_U40  |check_best_model_kbM  |  i0 * i1  |
    |check_best_model_kbM_U41  |check_best_model_kbM  |  i0 * i1  |
    +--------------------------+----------------------+-----------+

    * Memory: 
    N/A

    * FIFO: 
    N/A

    * Expression: 
    +---------------------+----------+-------+---+----+------------+------------+
    |    Variable Name    | Operation| DSP48E| FF| LUT| Bitwidth P0| Bitwidth P1|
    +---------------------+----------+-------+---+----+------------+------------+
    |col_2_fu_238_p2      |     +    |      0|  0|  15|           7|           1|
    |i_19_fu_263_p2       |     +    |      0|  0|  71|           1|          64|
    |j_7_fu_290_p2        |     +    |      0|  0|  15|           7|           1|
    |k_2_fu_319_p2        |     +    |      0|  0|  15|           7|           1|
    |next_mul_fu_335_p2   |     +    |      0|  0|  12|          12|          12|
    |row_2_fu_213_p2      |     +    |      0|  0|  71|           1|          64|
    |sum2_fu_296_p2       |     +    |      0|  0|  17|          13|          13|
    |sum5_fu_325_p2       |     +    |      0|  0|  17|          13|          13|
    |sum8_fu_340_p2       |     +    |      0|  0|  12|          12|          12|
    |sum_fu_244_p2        |     +    |      0|  0|  17|          13|          13|
    |exitcond1_fu_285_p2  |   icmp   |      0|  0|  11|           8|           8|
    |exitcond2_fu_258_p2  |   icmp   |      0|  0|  29|          64|          64|
    |exitcond3_fu_233_p2  |   icmp   |      0|  0|  11|           8|           8|
    |exitcond4_fu_208_p2  |   icmp   |      0|  0|  29|          64|          64|
    |exitcond_fu_314_p2   |   icmp   |      0|  0|  11|           8|           8|
    +---------------------+----------+-------+---+----+------------+------------+
    |Total                |          |      0|  0| 353|         238|         346|
    +---------------------+----------+-------+---+----+------------+------------+

    * Multiplexer: 
    +-----------------+-----+-----------+-----+-----------+
    |       Name      | LUT | Input Size| Bits| Total Bits|
    +-----------------+-----+-----------+-----+-----------+
    |C_address0       |   15|          3|   12|         36|
    |C_d0             |   15|          3|   32|         96|
    |ap_NS_fsm        |  117|         25|    1|         25|
    |col_reg_127      |    9|          2|    7|         14|
    |grp_fu_182_p1    |   15|          3|   32|         96|
    |i_reg_138        |    9|          2|   64|        128|
    |j_reg_149        |    9|          2|    7|         14|
    |k_reg_160        |    9|          2|    7|         14|
    |phi_mul_reg_171  |    9|          2|   12|         24|
    |row_reg_116      |    9|          2|   64|        128|
    +-----------------+-----+-----------+-----+-----------+
    |Total            |  216|         46|  238|        575|
    +-----------------+-----+-----------+-----+-----------+

    * Register: 
    +-----------------------+----+----+-----+-----------+
    |          Name         | FF | LUT| Bits| Const Bits|
    +-----------------------+----+----+-----+-----------+
    |A_load_reg_490         |  32|   0|   32|          0|
    |B_load_reg_495         |  32|   0|   32|          0|
    |C_addr_2_reg_457       |  12|   0|   12|          0|
    |ap_CS_fsm              |  24|   0|   24|          0|
    |col_reg_127            |   7|   0|    7|          0|
    |d_load_reg_505         |  32|   0|   32|          0|
    |i_19_reg_424           |  64|   0|   64|          0|
    |i_reg_138              |  64|   0|   64|          0|
    |innerdim_cast_reg_403  |   8|   0|   13|          5|
    |inneridx_reg_434       |  13|   0|   13|          0|
    |j_7_reg_452            |   7|   0|    7|          0|
    |j_cast2_reg_444        |   7|   0|   64|         57|
    |j_cast4_reg_439        |   7|   0|   12|          5|
    |j_reg_149              |   7|   0|    7|          0|
    |k_2_reg_465            |   7|   0|    7|          0|
    |k_reg_160              |   7|   0|    7|          0|
    |next_mul_reg_475       |  12|   0|   12|          0|
    |outcols_cast8_reg_384  |   8|   0|   13|          5|
    |outrowidx_reg_429      |  13|   0|   13|          0|
    |phi_mul_reg_171        |  12|   0|   12|          0|
    |reg_190                |  32|   0|   32|          0|
    |reg_195                |  32|   0|   32|          0|
    |row_2_reg_393          |  64|   0|   64|          0|
    |row_reg_116            |  64|   0|   64|          0|
    |tmp_4_reg_408          |   8|   0|   12|          4|
    |tmp_5_reg_500          |  32|   0|   32|          0|
    |tmp_reg_398            |  13|   0|   13|          0|
    +-----------------------+----+----+-----+-----------+
    |Total                  | 620|   0|  696|         76|
    +-----------------------+----+----+-----+-----------+



================================================================
== Interface
================================================================
* Summary: 
+------------+-----+-----+------------+-------------------+--------------+
|  RTL Ports | Dir | Bits|  Protocol  |   Source Object   |    C Type    |
+------------+-----+-----+------------+-------------------+--------------+
|ap_clk      |  in |    1| ap_ctrl_hs | k2c_affine_matmul | return value |
|ap_rst      |  in |    1| ap_ctrl_hs | k2c_affine_matmul | return value |
|ap_start    |  in |    1| ap_ctrl_hs | k2c_affine_matmul | return value |
|ap_done     | out |    1| ap_ctrl_hs | k2c_affine_matmul | return value |
|ap_idle     | out |    1| ap_ctrl_hs | k2c_affine_matmul | return value |
|ap_ready    | out |    1| ap_ctrl_hs | k2c_affine_matmul | return value |
|C_address0  | out |   12|  ap_memory |         C         |     array    |
|C_ce0       | out |    1|  ap_memory |         C         |     array    |
|C_we0       | out |    1|  ap_memory |         C         |     array    |
|C_d0        | out |   32|  ap_memory |         C         |     array    |
|C_q0        |  in |   32|  ap_memory |         C         |     array    |
|A_address0  | out |   12|  ap_memory |         A         |     array    |
|A_ce0       | out |    1|  ap_memory |         A         |     array    |
|A_q0        |  in |   32|  ap_memory |         A         |     array    |
|B_address0  | out |   12|  ap_memory |         B         |     array    |
|B_ce0       | out |    1|  ap_memory |         B         |     array    |
|B_q0        |  in |   32|  ap_memory |         B         |     array    |
|d_address0  | out |   12|  ap_memory |         d         |     array    |
|d_ce0       | out |    1|  ap_memory |         d         |     array    |
|d_q0        |  in |   32|  ap_memory |         d         |     array    |
|outrows     |  in |   64|   ap_none  |      outrows      |    scalar    |
|outcols     |  in |    8|   ap_none  |      outcols      |    scalar    |
|innerdim    |  in |    8|   ap_none  |      innerdim     |    scalar    |
+------------+-----+-----+------------+-------------------+--------------+

