

================================================================
== Vivado HLS Report for 'k2c_dot'
================================================================
* Date:           Mon Apr  8 23:08:03 2024

* Version:        2018.2 (Build 2258646 on Thu Jun 14 20:25:20 MDT 2018)
* Project:        vlsiProject
* Solution:       solution1
* Product family: zynq
* Target device:  xc7z020clg484-1


================================================================
== Performance Estimates
================================================================
+ Timing (ns): 
    * Summary: 
    +--------+-------+----------+------------+
    |  Clock | Target| Estimated| Uncertainty|
    +--------+-------+----------+------------+
    |ap_clk  |  10.00|     8.325|        1.25|
    +--------+-------+----------+------------+

+ Latency (clock cycles): 
    * Summary: 
    +-----+-----+-----+-----+---------+
    |  Latency  |  Interval | Pipeline|
    | min | max | min | max |   Type  |
    +-----+-----+-----+-----+---------+
    |    ?|    ?|    ?|    ?|   none  |
    +-----+-----+-----+-----+---------+

    + Detail: 
        * Instance: 
        +------------------------+-------------+-----+-----+-----+-----+---------+
        |                        |             |  Latency  |  Interval | Pipeline|
        |        Instance        |    Module   | min | max | min | max |   Type  |
        +------------------------+-------------+-----+-----+-----+-----+---------+
        |grp_k2c_matmul_fu_591   |k2c_matmul   |    ?|    ?|    ?|    ?|   none  |
        |grp_k2c_sub2idx_fu_602  |k2c_sub2idx  |    ?|    ?|    ?|    ?|   none  |
        +------------------------+-------------+-----+-----+-----+-----+---------+

        * Loop: 
        +-------------+-----+-----+----------+-----------+-----------+------+----------+
        |             |  Latency  | Iteration|  Initiation Interval  | Trip |          |
        |  Loop Name  | min | max |  Latency |  achieved |   target  | Count| Pipelined|
        +-------------+-----+-----+----------+-----------+-----------+------+----------+
        |- Loop 1     |    ?|    ?|         1|          -|          -|     ?|    no    |
        |- Loop 2     |    2|    2|         1|          -|          -|     2|    no    |
        |- Loop 3     |    ?|    ?|         2|          -|          -|     ?|    no    |
        |- Loop 4     |    ?|    ?|         1|          -|          -|     ?|    no    |
        |- Loop 5     |    2|    2|         2|          -|          -|     1|    no    |
        |- Loop 6     |    ?|    ?|         3|          -|          -|     ?|    no    |
        |- Loop 7     |    6|    6|         3|          -|          -|     2|    no    |
        |- Loop 8     |    ?|    ?|         ?|          -|          -|     ?|    no    |
        | + Loop 8.1  |    ?|    ?|        69|          -|          -|     ?|    no    |
        | + Loop 8.2  |    ?|    ?|         3|          -|          -|     ?|    no    |
        |- Loop 9     |    ?|    ?|         ?|          -|          -|  1024|    no    |
        | + Loop 9.1  |  138|  138|        69|          -|          -|     2|    no    |
        | + Loop 9.2  |    6|    6|         3|          -|          -|     2|    no    |
        +-------------+-----+-----+----------+-----------+-----------+------+----------+



================================================================
== Utilization Estimates
================================================================
* Summary: 
+-----------------+---------+-------+--------+-------+
|       Name      | BRAM_18K| DSP48E|   FF   |  LUT  |
+-----------------+---------+-------+--------+-------+
|DSP              |        -|      -|       -|      -|
|Expression       |        -|      -|       0|    791|
|FIFO             |        -|      -|       -|      -|
|Instance         |        -|     22|    5758|   4185|
|Memory           |        0|      -|     783|     33|
|Multiplexer      |        -|      -|       -|   1584|
|Register         |        -|      -|    1137|      -|
+-----------------+---------+-------+--------+-------+
|Total            |        0|     22|    7678|   6593|
+-----------------+---------+-------+--------+-------+
|Available        |      280|    220|  106400|  53200|
+-----------------+---------+-------+--------+-------+
|Utilization (%)  |        0|     10|       7|     12|
+-----------------+---------+-------+--------+-------+

+ Detail: 
    * Instance: 
    +--------------------------+----------------------+---------+-------+------+------+
    |         Instance         |        Module        | BRAM_18K| DSP48E|  FF  |  LUT |
    +--------------------------+----------------------+---------+-------+------+------+
    |check_best_model_g8j_U17  |check_best_model_g8j  |        0|      0|   779|   469|
    |check_best_model_g8j_U19  |check_best_model_g8j  |        0|      0|   779|   469|
    |check_best_model_hbi_U18  |check_best_model_hbi  |        0|      0|   779|   469|
    |check_best_model_ibs_U20  |check_best_model_ibs  |        0|      0|   779|   469|
    |check_best_model_jbC_U21  |check_best_model_jbC  |        0|      0|   779|   469|
    |grp_k2c_matmul_fu_591     |k2c_matmul            |        0|      6|  1015|  1297|
    |grp_k2c_sub2idx_fu_602    |k2c_sub2idx           |        0|     16|   848|   543|
    +--------------------------+----------------------+---------+-------+------+------+
    |Total                     |                      |        0|     22|  5758|  4185|
    +--------------------------+----------------------+---------+-------+------+------+

    * DSP48: 
    N/A

    * Memory: 
    +--------------------+----------------------+---------+-----+----+------+-----+------+-------------+
    |       Memory       |        Module        | BRAM_18K|  FF | LUT| Words| Bits| Banks| W*Bits*Banks|
    +--------------------+----------------------+---------+-----+----+------+-----+------+-------------+
    |fc1_kernel_shape_U  |k2c_dot_fc1_kernefYi  |        0|    7|   1|     5|    7|     1|           35|
    |permA_U             |k2c_dot_permA         |        0|  128|   5|     5|   64|     1|          320|
    |freeA_U             |k2c_dot_permA         |        0|  128|   5|     5|   64|     1|          320|
    |newshpA_U           |k2c_dot_permA         |        0|  128|   5|     5|   64|     1|          320|
    |newshpB_U           |k2c_dot_permA         |        0|  128|   5|     5|   64|     1|          320|
    |Asub_U              |k2c_dot_permA         |        0|  128|   5|     5|   64|     1|          320|
    |Bsub_U              |k2c_dot_permA         |        0|  128|   5|     5|   64|     1|          320|
    |permB_U             |k2c_dot_permB         |        0|    4|   1|     5|    2|     1|           10|
    |freeB_U             |k2c_dot_permB         |        0|    4|   1|     5|    2|     1|           10|
    +--------------------+----------------------+---------+-----+----+------+-----+------+-------------+
    |Total               |                      |        0|  783|  33|    45|  395|     9|         1975|
    +--------------------+----------------------+---------+-----+----+------+-----+------+-------------+

    * FIFO: 
    N/A

    * Expression: 
    +---------------------+----------+-------+---+----+------------+------------+
    |    Variable Name    | Operation| DSP48E| FF| LUT| Bitwidth P0| Bitwidth P1|
    +---------------------+----------+-------+---+----+------------+------------+
    |count_2_fu_636_p2    |     +    |      0|  0|  71|          64|           1|
    |count_3_fu_674_p2    |     +    |      0|  0|  71|          64|           1|
    |i_10_fu_658_p2       |     +    |      0|  0|  10|           2|           1|
    |i_11_fu_730_p2       |     +    |      0|  0|  12|           3|           1|
    |i_12_fu_751_p2       |     +    |      0|  0|  10|           2|           1|
    |i_13_fu_773_p2       |     +    |      0|  0|  12|           3|           1|
    |i_14_fu_790_p2       |     +    |      0|  0|  10|           2|           1|
    |i_15_fu_823_p2       |     +    |      0|  0|  39|          32|           2|
    |i_17_fu_881_p2       |     +    |      0|  0|  13|          11|           1|
    |i_18_fu_814_p2       |     +    |      0|  0|  71|          64|           1|
    |i_2_cast_fu_698_p2   |     +    |      0|  0|  12|           2|           3|
    |i_2_fu_693_p2        |     +    |      0|  0|  71|           2|          64|
    |i_3_fu_621_p2        |     +    |      0|  0|  71|          64|           1|
    |i_6_fu_714_p2        |     +    |      0|  0|  12|           3|           1|
    |j_2_fu_865_p2        |     +    |      0|  0|  12|           3|           1|
    |j_6_fu_938_p2        |     +    |      0|  0|  10|           2|           1|
    |phitmp_fu_904_p2     |     +    |      0|  0|  10|           2|           2|
    |sum_fu_953_p2        |     +    |      0|  0|  12|          12|          12|
    |exitcond1_fu_652_p2  |   icmp   |      0|  0|   9|           2|           3|
    |exitcond2_fu_768_p2  |   icmp   |      0|  0|  29|          64|          64|
    |exitcond3_fu_809_p2  |   icmp   |      0|  0|  29|          64|          64|
    |exitcond4_fu_875_p2  |   icmp   |      0|  0|  13|          11|          12|
    |exitcond5_fu_740_p2  |   icmp   |      0|  0|   9|           2|           3|
    |exitcond6_fu_709_p2  |   icmp   |      0|  0|  29|          64|          64|
    |exitcond7_fu_932_p2  |   icmp   |      0|  0|   9|           2|           3|
    |exitcond8_fu_860_p2  |   icmp   |      0|  0|  29|          64|          64|
    |exitcond9_fu_784_p2  |   icmp   |      0|  0|   9|           2|           3|
    |exitcond_fu_616_p2   |   icmp   |      0|  0|  29|          64|          64|
    |tmp_9_fu_627_p2      |   icmp   |      0|  0|  29|          64|          64|
    |tmp_fu_664_p2        |   icmp   |      0|  0|   8|           2|           1|
    |tmp_s_fu_725_p2      |   icmp   |      0|  0|  29|          64|          64|
    |j_fu_757_p2          |    xor   |      0|  0|   2|           1|           2|
    +---------------------+----------+-------+---+----+------------+------------+
    |Total                |          |      0|  0| 791|         807|         571|
    +---------------------+----------+-------+---+----+------------+------------+

    * Multiplexer: 
    +---------------------------------+-----+-----------+-----+-----------+
    |               Name              | LUT | Input Size| Bits| Total Bits|
    +---------------------------------+-----+-----------+-----+-----------+
    |A_shape_address0                 |   21|          4|    3|         12|
    |Asub_address0                    |   27|          5|    3|         15|
    |Asub_ce0                         |   15|          3|    1|          3|
    |Asub_d0                          |   15|          3|   64|        192|
    |Bsub_address0                    |   27|          5|    3|         15|
    |Bsub_ce0                         |   15|          3|    1|          3|
    |Bsub_d0                          |   15|          3|   64|        192|
    |ap_NS_fsm                        |  993|        232|    1|        232|
    |count_1_fu_106                   |    9|          2|   64|        128|
    |count_fu_70                      |    9|          2|   64|        128|
    |fc1_kernel_shape_address0        |   15|          3|    3|          9|
    |freeA_address0                   |   15|          3|    3|          9|
    |freeB_address0                   |   15|          3|    3|          9|
    |fwork_address0                   |   21|          4|   11|         44|
    |fwork_ce0                        |   15|          3|    1|          3|
    |fwork_ce1                        |    9|          2|    1|          2|
    |fwork_d0                         |   15|          3|   32|         96|
    |grp_k2c_sub2idx_fu_602_ndim      |   15|          3|   64|        192|
    |grp_k2c_sub2idx_fu_602_shape_q0  |   15|          3|   64|        192|
    |grp_k2c_sub2idx_fu_602_sub_q0    |   15|          3|   64|        192|
    |i_0_in_i_reg_528                 |    9|          2|   32|         64|
    |i_16_reg_569                     |    9|          2|    2|          4|
    |i_1_reg_428                      |    9|          2|    2|          4|
    |i_4_reg_440                      |    9|          2|    3|          6|
    |i_5_reg_451                      |    9|          2|    3|          6|
    |i_7_reg_460                      |    9|          2|    2|          4|
    |i_8_reg_482                      |    9|          2|    3|          6|
    |i_9_reg_493                      |    9|          2|    2|          4|
    |i_reg_416                        |    9|          2|   64|        128|
    |idx2_2_reg_504                   |    9|          2|   64|        128|
    |idx2_3_reg_548                   |    9|          2|   11|         22|
    |idx2_i1_reg_559                  |    9|          2|   64|        128|
    |idx2_i_reg_517                   |    9|          2|   64|        128|
    |j_3_reg_471                      |    9|          2|    1|          2|
    |j_4_reg_537                      |    9|          2|    3|          6|
    |j_5_reg_580                      |    9|          2|    2|          4|
    |newshpA_address0                 |   15|          3|    3|          9|
    |newshpA_ce0                      |   15|          3|    1|          3|
    |newshpB_address0                 |   15|          3|    3|          9|
    |newshpB_ce0                      |   15|          3|    1|          3|
    |permA_address0                   |   27|          5|    3|         15|
    |permA_d0                         |   15|          3|   64|        192|
    |permB_address0                   |   27|          5|    3|         15|
    |permB_d0                         |   15|          3|    2|          6|
    +---------------------------------+-----+-----------+-----+-----------+
    |Total                            | 1584|        352|  916|       2564|
    +---------------------------------+-----+-----------+-----+-----------+

    * Register: 
    +-------------------------------------+-----+----+-----+-----------+
    |                 Name                |  FF | LUT| Bits| Const Bits|
    +-------------------------------------+-----+----+-----+-----------+
    |A_shape_load_reg_1031                |   64|   0|   64|          0|
    |ap_CS_fsm                            |  231|   0|  231|          0|
    |count_1_fu_106                       |   64|   0|   64|          0|
    |count_fu_70                          |   64|   0|   64|          0|
    |free_axesA_reg_1037                  |   64|   0|   64|          0|
    |grp_k2c_matmul_fu_591_ap_start_reg   |    1|   0|    1|          0|
    |grp_k2c_sub2idx_fu_602_ap_start_reg  |    1|   0|    1|          0|
    |i_0_in_i_reg_528                     |   32|   0|   32|          0|
    |i_12_reg_1091                        |    2|   0|    2|          0|
    |i_13_reg_1109                        |    3|   0|    3|          0|
    |i_14_reg_1132                        |    2|   0|    2|          0|
    |i_15_reg_1165                        |   32|   0|   32|          0|
    |i_16_reg_569                         |    2|   0|    2|          0|
    |i_17_reg_1231                        |   11|   0|   11|          0|
    |i_18_reg_1155                        |   64|   0|   64|          0|
    |i_1_reg_428                          |    2|   0|    2|          0|
    |i_2_cast_reg_1047                    |    3|   0|    3|          0|
    |i_2_reg_1042                         |   64|   0|   64|          0|
    |i_4_cast_reg_1052                    |    3|   0|   64|         61|
    |i_4_reg_440                          |    3|   0|    3|          0|
    |i_5_reg_451                          |    3|   0|    3|          0|
    |i_6_reg_1060                         |    3|   0|    3|          0|
    |i_7_cast4_reg_1078                   |    2|   0|   64|         62|
    |i_7_reg_460                          |    2|   0|    2|          0|
    |i_8_cast_reg_1101                    |    3|   0|   64|         61|
    |i_8_reg_482                          |    3|   0|    3|          0|
    |i_9_cast3_reg_1124                   |    2|   0|   64|         62|
    |i_9_reg_493                          |    2|   0|    2|          0|
    |i_reg_416                            |   64|   0|   64|          0|
    |idx2_2_reg_504                       |   64|   0|   64|          0|
    |idx2_3_cast2_reg_1222                |   11|   0|   64|         53|
    |idx2_3_reg_548                       |   11|   0|   11|          0|
    |idx2_i1_reg_559                      |   64|   0|   64|          0|
    |idx2_i_reg_517                       |   64|   0|   64|          0|
    |j_2_reg_1202                         |    3|   0|    3|          0|
    |j_3_reg_471                          |    1|   0|    1|          0|
    |j_4_cast_reg_1194                    |    3|   0|   64|         61|
    |j_4_reg_537                          |    3|   0|    3|          0|
    |j_5_cast1_reg_1265                   |    2|   0|   64|         62|
    |j_5_reg_580                          |    2|   0|    2|          0|
    |j_6_reg_1273                         |    2|   0|    2|          0|
    |j_reg_1096                           |    1|   0|    1|          0|
    |phitmp_reg_1249                      |    2|   0|    2|          0|
    |tmp_23_reg_1142                      |   32|   0|   32|          0|
    |tmp_24_reg_1160                      |   12|   0|   12|          0|
    |tmp_7_i5_reg_1239                    |   32|   0|   64|         32|
    |tmp_7_i_reg_1173                     |   32|   0|   64|         32|
    +-------------------------------------+-----+----+-----+-----------+
    |Total                                | 1137|   0| 1623|        486|
    +-------------------------------------+-----+----+-----+-----------+



================================================================
== Interface
================================================================
* Summary: 
+------------------+-----+-----+------------+--------------+--------------+
|     RTL Ports    | Dir | Bits|  Protocol  | Source Object|    C Type    |
+------------------+-----+-----+------------+--------------+--------------+
|ap_clk            |  in |    1| ap_ctrl_hs |    k2c_dot   | return value |
|ap_rst            |  in |    1| ap_ctrl_hs |    k2c_dot   | return value |
|ap_start          |  in |    1| ap_ctrl_hs |    k2c_dot   | return value |
|ap_done           | out |    1| ap_ctrl_hs |    k2c_dot   | return value |
|ap_idle           | out |    1| ap_ctrl_hs |    k2c_dot   | return value |
|ap_ready          | out |    1| ap_ctrl_hs |    k2c_dot   | return value |
|C_array_address0  | out |   12|  ap_memory |    C_array   |     array    |
|C_array_ce0       | out |    1|  ap_memory |    C_array   |     array    |
|C_array_we0       | out |    1|  ap_memory |    C_array   |     array    |
|C_array_d0        | out |   32|  ap_memory |    C_array   |     array    |
|C_array_q0        |  in |   32|  ap_memory |    C_array   |     array    |
|A_array_address0  | out |   12|  ap_memory |    A_array   |     array    |
|A_array_ce0       | out |    1|  ap_memory |    A_array   |     array    |
|A_array_q0        |  in |   32|  ap_memory |    A_array   |     array    |
|A_ndim_read       |  in |   64|   ap_none  |  A_ndim_read |    scalar    |
|A_numel_read      |  in |   64|   ap_none  | A_numel_read |    scalar    |
|A_shape_address0  | out |    3|  ap_memory |    A_shape   |     array    |
|A_shape_ce0       | out |    1|  ap_memory |    A_shape   |     array    |
|A_shape_q0        |  in |   64|  ap_memory |    A_shape   |     array    |
|B_array_address0  | out |   12|  ap_memory |    B_array   |     array    |
|B_array_ce0       | out |    1|  ap_memory |    B_array   |     array    |
|B_array_q0        |  in |   32|  ap_memory |    B_array   |     array    |
|axesA_0_read      |  in |   64|   ap_none  | axesA_0_read |    scalar    |
|fwork_address0    | out |   11|  ap_memory |     fwork    |     array    |
|fwork_ce0         | out |    1|  ap_memory |     fwork    |     array    |
|fwork_we0         | out |    1|  ap_memory |     fwork    |     array    |
|fwork_d0          | out |   32|  ap_memory |     fwork    |     array    |
|fwork_q0          |  in |   32|  ap_memory |     fwork    |     array    |
|fwork_address1    | out |   11|  ap_memory |     fwork    |     array    |
|fwork_ce1         | out |    1|  ap_memory |     fwork    |     array    |
|fwork_q1          |  in |   32|  ap_memory |     fwork    |     array    |
+------------------+-----+-----+------------+--------------+--------------+

